#
# example.template
#
# This file shows, how you can use the 
# template values.
#

Welcome to the template. You can send a dummy mail to the
one man :  somebody@mail.1. If you does like this example you can
send the email to  noone@mail.2,  anonymous@mail.3 (# This does not seems to be a comment) . Note, that all these
email addresses are in space - there's no such a domains.

